
[TestGetWebsiteSummary - 1]
{
 "BounceRate": 0.4996,
 "Duration": 5003,
 "Pageviews": 1000000,
 "Visitors": 499657
}
---

[TestGetWebsiteSummaryFilterAll - 1]
{
 "BounceRate": 0.5009,
 "Duration": 4980,
 "Pageviews": 332879,
 "Visitors": 166090
}
---

[TestGetWebsiteSummaryFilterAll - 2]
{
 "BounceRate": 0.4978,
 "Duration": 4992,
 "Pageviews": 110733,
 "Visitors": 55243
}
---

[TestGetWebsiteSummaryFilterAll - 3]
{
 "BounceRate": 0.4947,
 "Duration": 4997,
 "Pageviews": 37170,
 "Visitors": 18661
}
---

[TestGetWebsiteSummaryFilterAll - 4]
{
 "BounceRate": 0.4931,
 "Duration": 5003,
 "Pageviews": 18789,
 "Visitors": 9486
}
---

[TestGetWebsiteSummaryFilterAll - 5]
{
 "BounceRate": 0.5,
 "Duration": 4971,
 "Pageviews": 6165,
 "Visitors": 3116
}
---

[TestGetWebsiteSummaryFilterAll - 6]
{
 "BounceRate": 0.4945,
 "Duration": 5098,
 "Pageviews": 2113,
 "Visitors": 1090
}
---

[TestGetWebsiteSummaryFilterAll - 7]
{
 "BounceRate": 0.5363,
 "Duration": 4728,
 "Pageviews": 726,
 "Visitors": 381
}
---

[TestGetWebsiteSummaryFilterAll - 8]
{
 "BounceRate": 0.5439,
 "Duration": 4732,
 "Pageviews": 220,
 "Visitors": 116
}
---

[TestGetWebsiteSummaryFilterAll - 9]
{
 "BounceRate": 0.4615,
 "Duration": 6547,
 "Pageviews": 67,
 "Visitors": 35
}
---

[TestGetWebsiteSummaryFilterAll - 10]
{
 "BounceRate": 0.6,
 "Duration": 3389,
 "Pageviews": 28,
 "Visitors": 17
}
---
