
[TestGetWebsiteSummary - 1]
{
 "Bounces": 124684,
 "Duration": 5003,
 "Pageviews": 1000000,
 "Visitors": 499657
}
---

[TestGetWebsiteSummaryFilterAll - 1]
{
 "Bounces": 41640,
 "Duration": 4980,
 "Pageviews": 332879,
 "Visitors": 166090
}
---

[TestGetWebsiteSummaryFilterAll - 2]
{
 "Bounces": 13844,
 "Duration": 4992,
 "Pageviews": 110733,
 "Visitors": 55243
}
---

[TestGetWebsiteSummaryFilterAll - 3]
{
 "Bounces": 4691,
 "Duration": 4997,
 "Pageviews": 37170,
 "Visitors": 18661
}
---

[TestGetWebsiteSummaryFilterAll - 4]
{
 "Bounces": 2355,
 "Duration": 5003,
 "Pageviews": 18789,
 "Visitors": 9486
}
---

[TestGetWebsiteSummaryFilterAll - 5]
{
 "Bounces": 783,
 "Duration": 4971,
 "Pageviews": 6165,
 "Visitors": 3116
}
---

[TestGetWebsiteSummaryFilterAll - 6]
{
 "Bounces": 268,
 "Duration": 5098,
 "Pageviews": 2113,
 "Visitors": 1090
}
---

[TestGetWebsiteSummaryFilterAll - 7]
{
 "Bounces": 96,
 "Duration": 4728,
 "Pageviews": 726,
 "Visitors": 381
}
---

[TestGetWebsiteSummaryFilterAll - 8]
{
 "Bounces": 31,
 "Duration": 4732,
 "Pageviews": 220,
 "Visitors": 116
}
---

[TestGetWebsiteSummaryFilterAll - 9]
{
 "Bounces": 6,
 "Duration": 6547,
 "Pageviews": 67,
 "Visitors": 35
}
---

[TestGetWebsiteSummaryFilterAll - 10]
{
 "Bounces": 3,
 "Duration": 3389,
 "Pageviews": 28,
 "Visitors": 17
}
---
