
[TestGetWebsiteSummary - 1]
{
 "Bounces": 250806,
 "Duration": 4998,
 "Pageviews": 1000000,
 "Visitors": 500559
}
---

[TestGetWebsiteSummaryFilterAll - 1]
{
 "Bounces": 250806,
 "Duration": 4998,
 "Pageviews": 1000000,
 "Visitors": 500559
}
---

[TestGetWebsiteSummaryFilterAll - 2]
{
 "Bounces": 83852,
 "Duration": 5001,
 "Pageviews": 333547,
 "Visitors": 167256
}
---

[TestGetWebsiteSummaryFilterAll - 3]
{
 "Bounces": 27934,
 "Duration": 5014,
 "Pageviews": 111475,
 "Visitors": 55805
}
---

[TestGetWebsiteSummaryFilterAll - 4]
{
 "Bounces": 9278,
 "Duration": 5038,
 "Pageviews": 37101,
 "Visitors": 18590
}
---

[TestGetWebsiteSummaryFilterAll - 5]
{
 "Bounces": 4607,
 "Duration": 5019,
 "Pageviews": 18415,
 "Visitors": 9193
}
---

[TestGetWebsiteSummaryFilterAll - 6]
{
 "Bounces": 1574,
 "Duration": 5047,
 "Pageviews": 6194,
 "Visitors": 3143
}
---

[TestGetWebsiteSummaryFilterAll - 7]
{
 "Bounces": 517,
 "Duration": 5001,
 "Pageviews": 2035,
 "Visitors": 1035
}
---

[TestGetWebsiteSummaryFilterAll - 8]
{
 "Bounces": 181,
 "Duration": 5297,
 "Pageviews": 715,
 "Visitors": 369
}
---

[TestGetWebsiteSummaryFilterAll - 9]
{
 "Bounces": 72,
 "Duration": 5194,
 "Pageviews": 261,
 "Visitors": 133
}
---

[TestGetWebsiteSummaryFilterAll - 10]
{
 "Bounces": 29,
 "Duration": 4296,
 "Pageviews": 94,
 "Visitors": 54
}
---

[TestGetWebsiteSummaryFilterAll - 11]
{
 "Bounces": 9,
 "Duration": 3962,
 "Pageviews": 32,
 "Visitors": 16
}
---
